// Jest Snapshot v1, https://goo.gl/fbAQLP

exports[`SelectField should render correctly 1`] = `
<div
  className="control "
>
  <div
    className="select danger is-large"
  >
    <select
      onChange={[Function]}
      value="bbb"
    >
      <option
        value="aaa"
      >
        AAA
      </option>
      <option
        value="bbb"
      >
        BBB
      </option>
      <option
        value="ccc"
      >
        CCC
      </option>
    </select>
  </div>
</div>
`;

exports[`SelectField should render correctly 2`] = `
<div
  className="control "
>
  <div
    className="select "
  >
    <select
      value="aaa"
    >
      <option
        value="aaa"
      >
        AAA
      </option>
    </select>
  </div>
</div>
`;
