// Jest Snapshot v1, https://goo.gl/fbAQLP

exports[`HIPPO  should render correctly 1`] = `
.c0.c0 {
  display: grid;
  grid-template-columns: 50% 50%;
  padding: 10px;
}

.c1.c1 {
  text-align: left;
  padding-left: 10px;
}

<HIPPO
  hippo={
    Object {
      "errors": Object {},
      "name": "HIPPO",
    }
  }
  onChange={[MockFunction]}
>
  <styled.div>
    <StyledComponent
      forwardedComponent={
        Object {
          "$$typeof": Symbol(react.forward_ref),
          "attrs": Array [
            Object {
              "className": "main-grid",
            },
          ],
          "componentStyle": ComponentStyle {
            "componentId": "sc-bZQynM",
            "isStatic": true,
            "lastClassName": "c0",
            "rules": Array [
              "
  && {
    display: grid;
    grid-template-columns: 50% 50%;
    padding: 10px;
  }
",
            ],
          },
          "displayName": "styled.div",
          "foldedComponentIds": Array [],
          "render": [Function],
          "styledComponentId": "sc-bZQynM",
          "target": "div",
          "toString": [Function],
          "warnTooManyClasses": [Function],
          "withComponent": [Function],
        }
      }
      forwardedRef={null}
    >
      <div
        className="main-grid c0"
      >
        <styled.div>
          <StyledComponent
            forwardedComponent={
              Object {
                "$$typeof": Symbol(react.forward_ref),
                "attrs": Array [
                  Object {
                    "className": "sub-grid",
                  },
                ],
                "componentStyle": ComponentStyle {
                  "componentId": "sc-dnqmqq",
                  "isStatic": true,
                  "lastClassName": "c1",
                  "rules": Array [
                    "
  && {
    text-align: left;
    padding-left: 10px;
  }
",
                  ],
                },
                "displayName": "styled.div",
                "foldedComponentIds": Array [],
                "render": [Function],
                "styledComponentId": "sc-dnqmqq",
                "target": "div",
                "toString": [Function],
                "warnTooManyClasses": [Function],
                "withComponent": [Function],
              }
            }
            forwardedRef={null}
          >
            <div
              className="sub-grid c1"
            >
              <p>
                Exposure time
              </p>
              <InputField
                name="exposureTime"
                onChange={[Function]}
              >
                <div
                  className="control"
                >
                  <input
                    className="input "
                    name="exposureTime"
                    onChange={[Function]}
                  />
                </div>
              </InputField>
            </div>
          </StyledComponent>
        </styled.div>
        <styled.div>
          <StyledComponent
            forwardedComponent={
              Object {
                "$$typeof": Symbol(react.forward_ref),
                "attrs": Array [
                  Object {
                    "className": "sub-grid",
                  },
                ],
                "componentStyle": ComponentStyle {
                  "componentId": "sc-dnqmqq",
                  "isStatic": true,
                  "lastClassName": "c1",
                  "rules": Array [
                    "
  && {
    text-align: left;
    padding-left: 10px;
  }
",
                  ],
                },
                "displayName": "styled.div",
                "foldedComponentIds": Array [],
                "render": [Function],
                "styledComponentId": "sc-dnqmqq",
                "target": "div",
                "toString": [Function],
                "warnTooManyClasses": [Function],
                "withComponent": [Function],
              }
            }
            forwardedRef={null}
          >
            <div
              className="sub-grid c1"
            >
              <p>
                Filter
              </p>
              <SelectField
                name="filter"
                onChange={[Function]}
              >
                <div
                  className="control select "
                >
                  <select
                    name="filter"
                    onChange={[Function]}
                  >
                    <AnyOption>
                      <option
                        key="any"
                        value=""
                      >
                        Any
                      </option>
                    </AnyOption>
                    <option
                      key="B"
                      value="B"
                    >
                      B
                    </option>
                    <option
                      key="H-alpha"
                      value="H-alpha"
                    >
                      H-alpha
                    </option>
                    <option
                      key="Open"
                      value="Open"
                    >
                      Open
                    </option>
                    <option
                      key="R"
                      value="R"
                    >
                      R
                    </option>
                    <option
                      key="U"
                      value="U"
                    >
                      U
                    </option>
                    <option
                      key="V"
                      value="V"
                    >
                      V
                    </option>
                  </select>
                </div>
              </SelectField>
            </div>
          </StyledComponent>
        </styled.div>
      </div>
    </StyledComponent>
  </styled.div>
</HIPPO>
`;
