// Jest Snapshot v1, https://goo.gl/fbAQLP

exports[`InstrumentsSelector should render correctly 1`] = `
.c0 {
  width: 95%;
}

<InstrumentsSelector
  instruments={Array []}
  onSelect={[MockFunction]}
>
  <div>
    <p>
      Instruments 
    </p>
    <MultiSelectField
      name="instruments"
      onChange={[Function]}
      value={Array []}
    >
      <styled.div
        className="control select is-multiple "
      >
        <StyledComponent
          className="control select is-multiple "
          forwardedComponent={
            Object {
              "$$typeof": Symbol(react.forward_ref),
              "attrs": Array [],
              "componentStyle": ComponentStyle {
                "componentId": "sc-bdVaJa",
                "isStatic": true,
                "lastClassName": "c0",
                "rules": Array [
                  "
  width: 95%;
",
                ],
              },
              "displayName": "styled.div",
              "foldedComponentIds": Array [],
              "render": [Function],
              "styledComponentId": "sc-bdVaJa",
              "target": "div",
              "toString": [Function],
              "warnTooManyClasses": [Function],
              "withComponent": [Function],
            }
          }
          forwardedRef={null}
        >
          <div
            className="control select is-multiple  c0"
          >
            <select
              multiple={true}
              name="instruments"
              onChange={[Function]}
              size={6}
              style={
                Object {
                  "width": "216px",
                }
              }
              value={Array []}
            >
              <AllOption>
                <option
                  value="All"
                >
                  All
                </option>
              </AllOption>
              <option
                key="BVIT"
                value="BVIT"
              >
                BVIT
              </option>
              <option
                key="HIPPO"
                value="HIPPO"
              >
                HIPPO
              </option>
              <option
                key="HRS"
                value="HRS"
              >
                HRS
              </option>
              <option
                key="RSS"
                value="RSS"
              >
                RSS
              </option>
              <option
                key="SHOC"
                value="SHOC"
              >
                SHOC
              </option>
              <option
                key="Salticam"
                value="Salticam"
              >
                Salticam
              </option>
              <option
                key="SpUpNIC"
                value="SpUpNIC"
              >
                SpUpNIC
              </option>
            </select>
          </div>
        </StyledComponent>
      </styled.div>
    </MultiSelectField>
  </div>
</InstrumentsSelector>
`;
