// Jest Snapshot v1, https://goo.gl/fbAQLP

exports[`Search Form render correctly 1`] = `
<SearchForm
  search={[MockFunction]}
/>
`;
