// Jest Snapshot v1, https://goo.gl/fbAQLP

exports[`DataRequestTable should render correctly 1`] = `
<DataRequestTable
  dataRequest={
    Object {
      "id": "request-1",
      "madeAt": "2018-12-01 20:00",
      "parts": Array [
        Object {
          "dataFiles": Array [
            Object {
              "id": "file-0a",
              "name": "filename 0a",
              "observation": Object {
                "id": "obs-0a",
                "name": "Observation 0a",
              },
            },
            Object {
              "id": "file-0b",
              "name": "filename 0b",
              "observation": Object {
                "id": "obs-0b",
                "name": "Observation 0b",
              },
            },
          ],
          "id": "part-0",
          "status": "SUCCESSFUL",
          "uri": "http://demo/data-request/part/part-0",
        },
        Object {
          "dataFiles": Array [
            Object {
              "id": "file-1a",
              "name": "filename 1a",
              "observation": Object {
                "id": "obs-1a",
                "name": "Observation 1a",
              },
            },
            Object {
              "id": "file-1b",
              "name": "filename 1b",
              "observation": Object {
                "id": "obs-1b",
                "name": "Observation 1b",
              },
            },
          ],
          "id": "part-1",
          "status": "FAILED",
          "uri": "http://demo/data-request/part/part-1",
        },
        Object {
          "dataFiles": Array [
            Object {
              "id": "file-2a",
              "name": "filename 2a",
              "observation": Object {
                "id": "obs-2a",
                "name": "Observation 2a",
              },
            },
            Object {
              "id": "file-2b",
              "name": "filename 2b",
              "observation": Object {
                "id": "obs-2b",
                "name": "Observation 2b",
              },
            },
          ],
          "id": "part-2",
          "status": "EXPIRED",
          "uri": "http://demo/data-request/part/part-2",
        },
      ],
      "uri": "http://demo/data-request/request-1",
    }
  }
>
  <styled.table>
    <StyledComponent
      forwardedComponent={
        Object {
          "$$typeof": Symbol(react.forward_ref),
          "attrs": Array [
            Object {
              "className": "table is-striped is-narrowed is-hoverable is-fullwidth",
            },
          ],
          "componentStyle": ComponentStyle {
            "componentId": "sc-bdVaJa",
            "isStatic": true,
            "lastClassName": "dPKlrP",
            "rules": Array [
              "
  && {
  }
",
            ],
          },
          "displayName": "styled.table",
          "foldedComponentIds": Array [],
          "render": [Function],
          "styledComponentId": "sc-bdVaJa",
          "target": "table",
          "toString": [Function],
          "warnTooManyClasses": [Function],
          "withComponent": [Function],
        }
      }
      forwardedRef={null}
    >
      <table
        className="table is-striped is-narrowed is-hoverable is-fullwidth "
      >
        <thead>
          <tr>
            <th
              colSpan={3}
            >
              <p
                style={
                  Object {
                    "display": "inline-block",
                  }
                }
              >
                Requested 
                on 1 Dec 2018 at 20:00
              </p>
              <p
                style={
                  Object {
                    "display": "inline-block",
                    "position": "absolute",
                    "right": 0,
                  }
                }
              >
                <button
                  className="button re-request-all is-small is-danger is-rounded"
                >
                  Re-request all
                </button>
              </p>
            </th>
          </tr>
          <tr>
            <th>
              Observation
            </th>
            <th>
              Status
            </th>
            <th>
              Files
            </th>
          </tr>
        </thead>
        <tbody>
          <DataRequestTableRow
            dataRequestPart={
              Object {
                "dataFiles": Array [
                  Object {
                    "id": "file-0a",
                    "name": "filename 0a",
                    "observation": Object {
                      "id": "obs-0a",
                      "name": "Observation 0a",
                    },
                  },
                  Object {
                    "id": "file-0b",
                    "name": "filename 0b",
                    "observation": Object {
                      "id": "obs-0b",
                      "name": "Observation 0b",
                    },
                  },
                ],
                "id": "part-0",
                "status": "SUCCESSFUL",
                "uri": "http://demo/data-request/part/part-0",
              }
            }
            key="part-0"
          >
            <tr>
              <td>
                Observation 0a
              </td>
              <td>
                <p>
                  Available
                </p>
                <p>
                  <a
                    className="button download is-small is-success is-rounded"
                    href="http://demo/data-request/part/part-0"
                  >
                    Download
                  </a>
                </p>
              </td>
              <td>
                <ul>
                  <li
                    key="file-0a"
                  >
                    filename 0a
                  </li>
                  <li
                    key="file-0b"
                  >
                    filename 0b
                  </li>
                </ul>
              </td>
            </tr>
          </DataRequestTableRow>
          <DataRequestTableRow
            dataRequestPart={
              Object {
                "dataFiles": Array [
                  Object {
                    "id": "file-1a",
                    "name": "filename 1a",
                    "observation": Object {
                      "id": "obs-1a",
                      "name": "Observation 1a",
                    },
                  },
                  Object {
                    "id": "file-1b",
                    "name": "filename 1b",
                    "observation": Object {
                      "id": "obs-1b",
                      "name": "Observation 1b",
                    },
                  },
                ],
                "id": "part-1",
                "status": "FAILED",
                "uri": "http://demo/data-request/part/part-1",
              }
            }
            key="part-1"
          >
            <tr>
              <td>
                Observation 1a
              </td>
              <td>
                <p>
                  Failed
                </p>
                <p>
                  <button
                    className="button re-request is-small is-danger is-rounded"
                  >
                    Re-request
                  </button>
                </p>
              </td>
              <td>
                <ul>
                  <li
                    key="file-1a"
                  >
                    filename 1a
                  </li>
                  <li
                    key="file-1b"
                  >
                    filename 1b
                  </li>
                </ul>
              </td>
            </tr>
          </DataRequestTableRow>
          <DataRequestTableRow
            dataRequestPart={
              Object {
                "dataFiles": Array [
                  Object {
                    "id": "file-2a",
                    "name": "filename 2a",
                    "observation": Object {
                      "id": "obs-2a",
                      "name": "Observation 2a",
                    },
                  },
                  Object {
                    "id": "file-2b",
                    "name": "filename 2b",
                    "observation": Object {
                      "id": "obs-2b",
                      "name": "Observation 2b",
                    },
                  },
                ],
                "id": "part-2",
                "status": "EXPIRED",
                "uri": "http://demo/data-request/part/part-2",
              }
            }
            key="part-2"
          >
            <tr>
              <td>
                Observation 2a
              </td>
              <td>
                <p>
                  Expired
                </p>
                <p>
                  <button
                    className="button re-request is-small is-danger is-rounded"
                  >
                    Re-request
                  </button>
                </p>
              </td>
              <td>
                <ul>
                  <li
                    key="file-2a"
                  >
                    filename 2a
                  </li>
                  <li
                    key="file-2b"
                  >
                    filename 2b
                  </li>
                </ul>
              </td>
            </tr>
          </DataRequestTableRow>
        </tbody>
      </table>
    </StyledComponent>
  </styled.table>
</DataRequestTable>
`;
